Starting project at /home/ubuntu/Pulse
Starting Metro Bundler
warning: Bundler cache is empty, rebuilding (this may take a minute)
Waiting on http://localhost:8081
Logs for your project will appear below.
Web ./index.ts ░░░░░░░░░░░░░░░░  0.0% (0/1)
Web ./index.ts ▓▓▓▓▓▓▓▓▓▓▓▓░░░░ 79.2% (557/626)
Web Bundling failed 4884ms index.ts (716 modules)
 ERROR  Error: /home/ubuntu/Pulse/node_modules/react-native-gesture-handler/lib/module/handlers/gestures/hoverGesture.js: Cannot find module '@babel/plugin-proposal-optional-chaining'
Require stack:
- /home/ubuntu/Pulse/node_modules/@babel/core/lib/config/files/plugins.js
- /home/ubuntu/Pulse/node_modules/@babel/core/lib/config/files/index.js
- /home/ubuntu/Pulse/node_modules/@babel/core/lib/index.js
- /home/ubuntu/Pulse/node_modules/@expo/metro-config/build/transform-worker/metro-transform-worker.js
- /home/ubuntu/Pulse/node_modules/@expo/metro-config/build/transform-worker/transform-worker.js
- /home/ubuntu/Pulse/node_modules/metro/src/DeltaBundler/Worker.flow.js
- /home/ubuntu/Pulse/node_modules/metro/src/DeltaBundler/Worker.js
- /home/ubuntu/Pulse/node_modules/jest-worker/build/workers/processChild.js
- Did you mean "@babel/plugin-transform-optional-chaining"?

Make sure that all the Babel plugins and presets you are using
are defined as dependencies or devDependencies in your package.json
file. It's possible that the missing plugin is loaded by a preset
you are using that forgot to add the plugin to its dependencies: you
can workaround this problem by explicitly adding the missing package
to your top-level package.json.

    at Function._resolveFilename (node:internal/modules/cjs/loader:1244:15)
    at resolve (node:internal/modules/helpers:146:19)
    at tryRequireResolve (/home/ubuntu/Pulse/node_modules/@babel/core/lib/config/files/plugins.js:128:11)
    at resolveStandardizedNameForRequire (/home/ubuntu/Pulse/node_modules/@babel/core/lib/config/files/plugins.js:162:19)
    at resolveStandardizedName (/home/ubuntu/Pulse/node_modules/@babel/core/lib/config/files/plugins.js:183:12)
    at loadPlugin (/home/ubuntu/Pulse/node_modules/@babel/core/lib/config/files/plugins.js:56:7)
    at loadPlugin.next (<anonymous>)
    at createDescriptor (/home/ubuntu/Pulse/node_modules/@babel/core/lib/config/config-descriptors.js:140:16)
    at createDescriptor.next (<anonymous>)
    at evaluateSync (/home/ubuntu/Pulse/node_modules/gensync/index.js:251:28)
    at /home/ubuntu/Pulse/node_modules/gensync/index.js:31:34
    at Array.map (<anonymous>)
    at Function.sync (/home/ubuntu/Pulse/node_modules/gensync/index.js:31:22)
    at Function.all (/home/ubuntu/Pulse/node_modules/gensync/index.js:210:24)
    at Generator.next (<anonymous>)
    at createDescriptors (/home/ubuntu/Pulse/node_modules/@babel/core/lib/config/config-descriptors.js:102:41)
    at createDescriptors.next (<anonymous>)
    at createPluginDescriptors (/home/ubuntu/Pulse/node_modules/@babel/core/lib/config/config-descriptors.js:99:17)
    at createPluginDescriptors.next (<anonymous>)
    at /home/ubuntu/Pulse/node_modules/@babel/core/lib/config/config-descriptors.js:65:32
    at Generator.next (<anonymous>)
    at Function.<anonymous> (/home/ubuntu/Pulse/node_modules/@babel/core/lib/gensync-utils/async.js:21:3)
    at Generator.next (<anonymous>)
    at evaluateSync (/home/ubuntu/Pulse/node_modules/gensync/index.js:251:28)
    at Function.sync (/home/ubuntu/Pulse/node_modules/gensync/index.js:89:14)
    at sync (/home/ubuntu/Pulse/node_modules/@babel/core/lib/gensync-utils/async.js:61:25)
    at sync (/home/ubuntu/Pulse/node_modules/gensync/index.js:182:19)
    at onFirstPause (/home/ubuntu/Pulse/node_modules/gensync/index.js:210:24)
    at Generator.next (<anonymous>)
    at cachedFunction (/home/ubuntu/Pulse/node_modules/@babel/core/lib/config/caching.js:52:46)
    at cachedFunction.next (<anonymous>)
    at mergeChainOpts (/home/ubuntu/Pulse/node_modules/@babel/core/lib/config/config-chain.js:349:34)
    at mergeChainOpts.next (<anonymous>)
    at chainWalker (/home/ubuntu/Pulse/node_modules/@babel/core/lib/config/config-chain.js:316:14)
    at chainWalker.next (<anonymous>)
    at buildRootChain (/home/ubuntu/Pulse/node_modules/@babel/core/lib/config/config-chain.js:56:36)
    at buildRootChain.next (<anonymous>)
    at loadPrivatePartialConfig (/home/ubuntu/Pulse/node_modules/@babel/core/lib/config/partial.js:72:62)
    at loadPrivatePartialConfig.next (<anonymous>)
    at loadFullConfig (/home/ubuntu/Pulse/node_modules/@babel/core/lib/config/full.js:36:46)
    at loadFullConfig.next (<anonymous>)
    at transform (/home/ubuntu/Pulse/node_modules/@babel/core/lib/transform.js:20:44)
    at transform.next (<anonymous>)
    at evaluateSync (/home/ubuntu/Pulse/node_modules/gensync/index.js:251:28)
    at sync (/home/ubuntu/Pulse/node_modules/gensync/index.js:89:14)
    at stopHiding - secret - don't use this - v1 (/home/ubuntu/Pulse/node_modules/@babel/core/lib/errors/rewrite-stack-trace.js:47:12)
    at transformSync (/home/ubuntu/Pulse/node_modules/@babel/core/lib/transform.js:40:76)
    at makeWorklet (/home/ubuntu/Pulse/node_modules/react-native-worklets-core/src/plugin/index.js:413:23)
    at processWorkletFunction (/home/ubuntu/Pulse/node_modules/react-native-worklets-core/src/plugin/index.js:610:18)
Web ./index.ts ░░░░░░░░░░░░░░░░  0.0% (0/1)
Web Bundling failed 398ms index.ts (612 modules)
 ERROR  Error: /home/ubuntu/Pulse/node_modules/react-native-gesture-handler/lib/module/handlers/gestures/hoverGesture.js: Cannot find module '@babel/plugin-proposal-optional-chaining'
Require stack:
- /home/ubuntu/Pulse/node_modules/@babel/core/lib/config/files/plugins.js
- /home/ubuntu/Pulse/node_modules/@babel/core/lib/config/files/index.js
- /home/ubuntu/Pulse/node_modules/@babel/core/lib/index.js
- /home/ubuntu/Pulse/node_modules/@expo/metro-config/build/transform-worker/metro-transform-worker.js
- /home/ubuntu/Pulse/node_modules/@expo/metro-config/build/transform-worker/transform-worker.js
- /home/ubuntu/Pulse/node_modules/metro/src/DeltaBundler/Worker.flow.js
- /home/ubuntu/Pulse/node_modules/metro/src/DeltaBundler/Worker.js
- /home/ubuntu/Pulse/node_modules/jest-worker/build/workers/processChild.js
- Did you mean "@babel/plugin-transform-optional-chaining"?

Make sure that all the Babel plugins and presets you are using
are defined as dependencies or devDependencies in your package.json
file. It's possible that the missing plugin is loaded by a preset
you are using that forgot to add the plugin to its dependencies: you
can workaround this problem by explicitly adding the missing package
to your top-level package.json.

    at Function._resolveFilename (node:internal/modules/cjs/loader:1244:15)
    at resolve (node:internal/modules/helpers:146:19)
    at tryRequireResolve (/home/ubuntu/Pulse/node_modules/@babel/core/lib/config/files/plugins.js:128:11)
    at resolveStandardizedNameForRequire (/home/ubuntu/Pulse/node_modules/@babel/core/lib/config/files/plugins.js:162:19)
    at resolveStandardizedName (/home/ubuntu/Pulse/node_modules/@babel/core/lib/config/files/plugins.js:183:12)
    at loadPlugin (/home/ubuntu/Pulse/node_modules/@babel/core/lib/config/files/plugins.js:56:7)
    at loadPlugin.next (<anonymous>)
    at createDescriptor (/home/ubuntu/Pulse/node_modules/@babel/core/lib/config/config-descriptors.js:140:16)
    at createDescriptor.next (<anonymous>)
    at evaluateSync (/home/ubuntu/Pulse/node_modules/gensync/index.js:251:28)
    at /home/ubuntu/Pulse/node_modules/gensync/index.js:31:34
    at Array.map (<anonymous>)
    at Function.sync (/home/ubuntu/Pulse/node_modules/gensync/index.js:31:22)
    at Function.all (/home/ubuntu/Pulse/node_modules/gensync/index.js:210:24)
    at Generator.next (<anonymous>)
    at createDescriptors (/home/ubuntu/Pulse/node_modules/@babel/core/lib/config/config-descriptors.js:102:41)
    at createDescriptors.next (<anonymous>)
    at createPluginDescriptors (/home/ubuntu/Pulse/node_modules/@babel/core/lib/config/config-descriptors.js:99:17)
    at createPluginDescriptors.next (<anonymous>)
    at /home/ubuntu/Pulse/node_modules/@babel/core/lib/config/config-descriptors.js:65:32
    at Generator.next (<anonymous>)
    at Function.<anonymous> (/home/ubuntu/Pulse/node_modules/@babel/core/lib/gensync-utils/async.js:21:3)
    at Generator.next (<anonymous>)
    at evaluateSync (/home/ubuntu/Pulse/node_modules/gensync/index.js:251:28)
    at Function.sync (/home/ubuntu/Pulse/node_modules/gensync/index.js:89:14)
    at sync (/home/ubuntu/Pulse/node_modules/@babel/core/lib/gensync-utils/async.js:61:25)
    at sync (/home/ubuntu/Pulse/node_modules/gensync/index.js:182:19)
    at onFirstPause (/home/ubuntu/Pulse/node_modules/gensync/index.js:210:24)
    at Generator.next (<anonymous>)
    at cachedFunction (/home/ubuntu/Pulse/node_modules/@babel/core/lib/config/caching.js:52:46)
    at cachedFunction.next (<anonymous>)
    at mergeChainOpts (/home/ubuntu/Pulse/node_modules/@babel/core/lib/config/config-chain.js:349:34)
    at mergeChainOpts.next (<anonymous>)
    at chainWalker (/home/ubuntu/Pulse/node_modules/@babel/core/lib/config/config-chain.js:316:14)
    at chainWalker.next (<anonymous>)
    at buildRootChain (/home/ubuntu/Pulse/node_modules/@babel/core/lib/config/config-chain.js:56:36)
    at buildRootChain.next (<anonymous>)
    at loadPrivatePartialConfig (/home/ubuntu/Pulse/node_modules/@babel/core/lib/config/partial.js:72:62)
    at loadPrivatePartialConfig.next (<anonymous>)
    at loadFullConfig (/home/ubuntu/Pulse/node_modules/@babel/core/lib/config/full.js:36:46)
    at loadFullConfig.next (<anonymous>)
    at transform (/home/ubuntu/Pulse/node_modules/@babel/core/lib/transform.js:20:44)
    at transform.next (<anonymous>)
    at evaluateSync (/home/ubuntu/Pulse/node_modules/gensync/index.js:251:28)
    at sync (/home/ubuntu/Pulse/node_modules/gensync/index.js:89:14)
    at stopHiding - secret - don't use this - v1 (/home/ubuntu/Pulse/node_modules/@babel/core/lib/errors/rewrite-stack-trace.js:47:12)
    at transformSync (/home/ubuntu/Pulse/node_modules/@babel/core/lib/transform.js:40:76)
    at makeWorklet (/home/ubuntu/Pulse/node_modules/react-native-worklets-core/src/plugin/index.js:413:23)
    at processWorkletFunction (/home/ubuntu/Pulse/node_modules/react-native-worklets-core/src/plugin/index.js:610:18)
Web ./index.ts ░░░░░░░░░░░░░░░░  0.0% (0/1)
Web Bundling failed 404ms index.ts (650 modules)
 ERROR  Error: /home/ubuntu/Pulse/node_modules/react-native-gesture-handler/lib/module/handlers/gestures/hoverGesture.js: Cannot find module '@babel/plugin-proposal-optional-chaining'
Require stack:
- /home/ubuntu/Pulse/node_modules/@babel/core/lib/config/files/plugins.js
- /home/ubuntu/Pulse/node_modules/@babel/core/lib/config/files/index.js
- /home/ubuntu/Pulse/node_modules/@babel/core/lib/index.js
- /home/ubuntu/Pulse/node_modules/@expo/metro-config/build/transform-worker/metro-transform-worker.js
- /home/ubuntu/Pulse/node_modules/@expo/metro-config/build/transform-worker/transform-worker.js
- /home/ubuntu/Pulse/node_modules/metro/src/DeltaBundler/Worker.flow.js
- /home/ubuntu/Pulse/node_modules/metro/src/DeltaBundler/Worker.js
- /home/ubuntu/Pulse/node_modules/jest-worker/build/workers/processChild.js
- Did you mean "@babel/plugin-transform-optional-chaining"?

Make sure that all the Babel plugins and presets you are using
are defined as dependencies or devDependencies in your package.json
file. It's possible that the missing plugin is loaded by a preset
you are using that forgot to add the plugin to its dependencies: you
can workaround this problem by explicitly adding the missing package
to your top-level package.json.

    at Function._resolveFilename (node:internal/modules/cjs/loader:1244:15)
    at resolve (node:internal/modules/helpers:146:19)
    at tryRequireResolve (/home/ubuntu/Pulse/node_modules/@babel/core/lib/config/files/plugins.js:128:11)
    at resolveStandardizedNameForRequire (/home/ubuntu/Pulse/node_modules/@babel/core/lib/config/files/plugins.js:162:19)
    at resolveStandardizedName (/home/ubuntu/Pulse/node_modules/@babel/core/lib/config/files/plugins.js:183:12)
    at loadPlugin (/home/ubuntu/Pulse/node_modules/@babel/core/lib/config/files/plugins.js:56:7)
    at loadPlugin.next (<anonymous>)
    at createDescriptor (/home/ubuntu/Pulse/node_modules/@babel/core/lib/config/config-descriptors.js:140:16)
    at createDescriptor.next (<anonymous>)
    at evaluateSync (/home/ubuntu/Pulse/node_modules/gensync/index.js:251:28)
    at /home/ubuntu/Pulse/node_modules/gensync/index.js:31:34
    at Array.map (<anonymous>)
    at Function.sync (/home/ubuntu/Pulse/node_modules/gensync/index.js:31:22)
    at Function.all (/home/ubuntu/Pulse/node_modules/gensync/index.js:210:24)
    at Generator.next (<anonymous>)
    at createDescriptors (/home/ubuntu/Pulse/node_modules/@babel/core/lib/config/config-descriptors.js:102:41)
    at createDescriptors.next (<anonymous>)
    at createPluginDescriptors (/home/ubuntu/Pulse/node_modules/@babel/core/lib/config/config-descriptors.js:99:17)
    at createPluginDescriptors.next (<anonymous>)
    at /home/ubuntu/Pulse/node_modules/@babel/core/lib/config/config-descriptors.js:65:32
    at Generator.next (<anonymous>)
    at Function.<anonymous> (/home/ubuntu/Pulse/node_modules/@babel/core/lib/gensync-utils/async.js:21:3)
    at Generator.next (<anonymous>)
    at evaluateSync (/home/ubuntu/Pulse/node_modules/gensync/index.js:251:28)
    at Function.sync (/home/ubuntu/Pulse/node_modules/gensync/index.js:89:14)
    at sync (/home/ubuntu/Pulse/node_modules/@babel/core/lib/gensync-utils/async.js:61:25)
    at sync (/home/ubuntu/Pulse/node_modules/gensync/index.js:182:19)
    at onFirstPause (/home/ubuntu/Pulse/node_modules/gensync/index.js:210:24)
    at Generator.next (<anonymous>)
    at cachedFunction (/home/ubuntu/Pulse/node_modules/@babel/core/lib/config/caching.js:52:46)
    at cachedFunction.next (<anonymous>)
    at mergeChainOpts (/home/ubuntu/Pulse/node_modules/@babel/core/lib/config/config-chain.js:349:34)
    at mergeChainOpts.next (<anonymous>)
    at chainWalker (/home/ubuntu/Pulse/node_modules/@babel/core/lib/config/config-chain.js:316:14)
    at chainWalker.next (<anonymous>)
    at buildRootChain (/home/ubuntu/Pulse/node_modules/@babel/core/lib/config/config-chain.js:56:36)
    at buildRootChain.next (<anonymous>)
    at loadPrivatePartialConfig (/home/ubuntu/Pulse/node_modules/@babel/core/lib/config/partial.js:72:62)
    at loadPrivatePartialConfig.next (<anonymous>)
    at loadFullConfig (/home/ubuntu/Pulse/node_modules/@babel/core/lib/config/full.js:36:46)
    at loadFullConfig.next (<anonymous>)
    at transform (/home/ubuntu/Pulse/node_modules/@babel/core/lib/transform.js:20:44)
    at transform.next (<anonymous>)
    at evaluateSync (/home/ubuntu/Pulse/node_modules/gensync/index.js:251:28)
    at sync (/home/ubuntu/Pulse/node_modules/gensync/index.js:89:14)
    at stopHiding - secret - don't use this - v1 (/home/ubuntu/Pulse/node_modules/@babel/core/lib/errors/rewrite-stack-trace.js:47:12)
    at transformSync (/home/ubuntu/Pulse/node_modules/@babel/core/lib/transform.js:40:76)
    at makeWorklet (/home/ubuntu/Pulse/node_modules/react-native-worklets-core/src/plugin/index.js:413:23)
    at processWorkletFunction (/home/ubuntu/Pulse/node_modules/react-native-worklets-core/src/plugin/index.js:610:18)
Web Bundling failed 330ms index.ts (697 modules)
 ERROR  Error: /home/ubuntu/Pulse/node_modules/react-native-gesture-handler/lib/module/handlers/gestures/hoverGesture.js: Cannot find module '@babel/plugin-proposal-optional-chaining'
Require stack:
- /home/ubuntu/Pulse/node_modules/@babel/core/lib/config/files/plugins.js
- /home/ubuntu/Pulse/node_modules/@babel/core/lib/config/files/index.js
- /home/ubuntu/Pulse/node_modules/@babel/core/lib/index.js
- /home/ubuntu/Pulse/node_modules/@expo/metro-config/build/transform-worker/metro-transform-worker.js
- /home/ubuntu/Pulse/node_modules/@expo/metro-config/build/transform-worker/transform-worker.js
- /home/ubuntu/Pulse/node_modules/metro/src/DeltaBundler/Worker.flow.js
- /home/ubuntu/Pulse/node_modules/metro/src/DeltaBundler/Worker.js
- /home/ubuntu/Pulse/node_modules/jest-worker/build/workers/processChild.js
- Did you mean "@babel/plugin-transform-optional-chaining"?

Make sure that all the Babel plugins and presets you are using
are defined as dependencies or devDependencies in your package.json
file. It's possible that the missing plugin is loaded by a preset
you are using that forgot to add the plugin to its dependencies: you
can workaround this problem by explicitly adding the missing package
to your top-level package.json.

    at Function._resolveFilename (node:internal/modules/cjs/loader:1244:15)
    at resolve (node:internal/modules/helpers:146:19)
    at tryRequireResolve (/home/ubuntu/Pulse/node_modules/@babel/core/lib/config/files/plugins.js:128:11)
    at resolveStandardizedNameForRequire (/home/ubuntu/Pulse/node_modules/@babel/core/lib/config/files/plugins.js:162:19)
    at resolveStandardizedName (/home/ubuntu/Pulse/node_modules/@babel/core/lib/config/files/plugins.js:183:12)
    at loadPlugin (/home/ubuntu/Pulse/node_modules/@babel/core/lib/config/files/plugins.js:56:7)
    at loadPlugin.next (<anonymous>)
    at createDescriptor (/home/ubuntu/Pulse/node_modules/@babel/core/lib/config/config-descriptors.js:140:16)
    at createDescriptor.next (<anonymous>)
    at evaluateSync (/home/ubuntu/Pulse/node_modules/gensync/index.js:251:28)
    at /home/ubuntu/Pulse/node_modules/gensync/index.js:31:34
    at Array.map (<anonymous>)
    at Function.sync (/home/ubuntu/Pulse/node_modules/gensync/index.js:31:22)
    at Function.all (/home/ubuntu/Pulse/node_modules/gensync/index.js:210:24)
    at Generator.next (<anonymous>)
    at createDescriptors (/home/ubuntu/Pulse/node_modules/@babel/core/lib/config/config-descriptors.js:102:41)
    at createDescriptors.next (<anonymous>)
    at createPluginDescriptors (/home/ubuntu/Pulse/node_modules/@babel/core/lib/config/config-descriptors.js:99:17)
    at createPluginDescriptors.next (<anonymous>)
    at /home/ubuntu/Pulse/node_modules/@babel/core/lib/config/config-descriptors.js:65:32
    at Generator.next (<anonymous>)
    at Function.<anonymous> (/home/ubuntu/Pulse/node_modules/@babel/core/lib/gensync-utils/async.js:21:3)
    at Generator.next (<anonymous>)
    at evaluateSync (/home/ubuntu/Pulse/node_modules/gensync/index.js:251:28)
    at Function.sync (/home/ubuntu/Pulse/node_modules/gensync/index.js:89:14)
    at sync (/home/ubuntu/Pulse/node_modules/@babel/core/lib/gensync-utils/async.js:61:25)
    at sync (/home/ubuntu/Pulse/node_modules/gensync/index.js:182:19)
    at onFirstPause (/home/ubuntu/Pulse/node_modules/gensync/index.js:210:24)
    at Generator.next (<anonymous>)
    at cachedFunction (/home/ubuntu/Pulse/node_modules/@babel/core/lib/config/caching.js:52:46)
    at cachedFunction.next (<anonymous>)
    at mergeChainOpts (/home/ubuntu/Pulse/node_modules/@babel/core/lib/config/config-chain.js:349:34)
    at mergeChainOpts.next (<anonymous>)
    at chainWalker (/home/ubuntu/Pulse/node_modules/@babel/core/lib/config/config-chain.js:316:14)
    at chainWalker.next (<anonymous>)
    at buildRootChain (/home/ubuntu/Pulse/node_modules/@babel/core/lib/config/config-chain.js:56:36)
    at buildRootChain.next (<anonymous>)
    at loadPrivatePartialConfig (/home/ubuntu/Pulse/node_modules/@babel/core/lib/config/partial.js:72:62)
    at loadPrivatePartialConfig.next (<anonymous>)
    at loadFullConfig (/home/ubuntu/Pulse/node_modules/@babel/core/lib/config/full.js:36:46)
    at loadFullConfig.next (<anonymous>)
    at transform (/home/ubuntu/Pulse/node_modules/@babel/core/lib/transform.js:20:44)
    at transform.next (<anonymous>)
    at evaluateSync (/home/ubuntu/Pulse/node_modules/gensync/index.js:251:28)
    at sync (/home/ubuntu/Pulse/node_modules/gensync/index.js:89:14)
    at stopHiding - secret - don't use this - v1 (/home/ubuntu/Pulse/node_modules/@babel/core/lib/errors/rewrite-stack-trace.js:47:12)
    at transformSync (/home/ubuntu/Pulse/node_modules/@babel/core/lib/transform.js:40:76)
    at makeWorklet (/home/ubuntu/Pulse/node_modules/react-native-worklets-core/src/plugin/index.js:413:23)
    at processWorkletFunction (/home/ubuntu/Pulse/node_modules/react-native-worklets-core/src/plugin/index.js:610:18)
Killed
